GNU Tool Chain  

Linker command line:

--edf=C:\Program Files (x86)\CCompiler\Compiler\data\dat\en_msgs.txt -cs \
  -h+dualmixer.sym --cmf=dualmixer.cmf -z -QFT61F14X \
  -oC:\Users\owner\AppData\Local\Temp\sshs.2 -Mdualmixer.map -E1 -ver=XC8 \
  -ASTACK=020E0h-021efh -pstack=STACK -ACODE=00h-07FFhx2 \
  -ASTRCODE=00h-0FFFh -ASTRING=00h-0FFhx16 -ACONST=00h-0FFhx16 \
  -AENTRY=00h-0FFhx16 -ACOMMON=070h-07Fh -ABANK0=020h-06Fh \
  -ABANK1=0A0h-0EFh -ABANK2=0120h-016Fh -ABANK3=01A0h-01EFh \
  -ABANK4=0220h-026Fh -ABANK5=02A0h-02EFh -ABANK6=0320h-032Fh \
  -ABIGRAM=02000h-021EFh \
  -ARAM=020h-06Fh,0A0h-0EFh,0120h-016Fh,01A0h-01EFh,0220h-026Fh,02A0h-02EFh,0320h-032Fh \
  -AABS1=020h-07Fh,0A0h-0EFh,0120h-016Fh,01A0h-01EFh,0220h-026Fh,02A0h-02EFh,0320h-032Fh \
  -ASFR0=00h-01Fh -ASFR1=080h-09Fh -ASFR2=0100h-011Fh -ASFR3=0180h-019Fh \
  -ASFR4=0200h-021Fh -ASFR5=0280h-029Fh -ASFR6=0300h-031Fh \
  -ASFR7=0380h-03EFh -ASFR8=0400h-046Fh -ASFR9=0480h-04EFh \
  -ASFR10=0500h-056Fh -ASFR11=0580h-05EFh -ASFR12=0600h-066Fh \
  -ASFR13=0680h-06EFh -ASFR14=0700h-076Fh -ASFR15=0780h-07EFh \
  -ASFR16=0800h-086Fh -ASFR17=0880h-08EFh -ASFR18=0900h-096Fh \
  -ASFR19=0980h-09EFh -ASFR20=0A00h-0A6Fh -ASFR21=0A80h-0AEFh \
  -ASFR22=0B00h-0B6Fh -ASFR23=0B80h-0BEFh -ASFR24=0C00h-0C6Fh \
  -ASFR25=0C80h-0CEFh -ASFR26=0D00h-0D6Fh -ASFR27=0D80h-0DEFh \
  -ASFR28=0E00h-0E6Fh -ASFR29=0E80h-0EEFh -ASFR30=0F00h-0F6Fh \
  -ASFR31=0F80h-0FEFh -preset_vec=00h,intentry=04h,init,end_init \
  -ppowerup=CODE -pcinit=CODE -pfunctab=ENTRY -ACONFIG=08007h-08008h \
  -pconfig=CONFIG -DCONFIG=2 -AIDLOC=08000h-08003h -pidloc=IDLOC -DIDLOC=2 \
  -AEEDATA=00h-07Fh/0F000h -peeprom_data=EEDATA -DEEDATA=2 -DCODE=2 \
  -DSTRCODE=2 -DSTRING=2 -DCONST=2 -DENTRY=2 -k \
  C:\Users\owner\AppData\Local\Temp\sshs.obj dualmixer.obj 

Object code version is 3.11

Machine type is FT61F14X



                Name                               Link     Load   Length Selector   Space Scale
C:\Users\owner\AppData\Local\Temp\sshs.obj
                end_init                             56       56        2        8       0
                reset_vec                             0        0        2        0       0
dualmixer.obj   cinit                                58       58       1C        8       0
                intentry                              4        4       52        8       0
                text21                              57A      57A        1      AF4       0
                text19                              554      554        C      9C2       0
                text18                              4E1      4E1       17      9C2       0
                text17                              548      548        C      9C2       0
                text16                              560      560        B      9C2       0
                text15                              412      412       2C        8       0
                text14                              50E      50E       16      9C2       0
                text13                              33B      33B       50        8       0
                text12                              38B      38B       48        8       0
                text11                              3D3      3D3       3F        8       0
                text10                              43E      43E       29        8       0
                text9                                74       74      163        8       0
                text8                               48B      48B       23        8       0
                text7                               1D7      1D7       9C        8       0
                text6                               4AE      4AE       1B        8       0
                text5                               524      524       14      9C2       0
                text4                               273      273       69        8       0
                text3                               467      467       24        8       0
                text2                               4F8      4F8       16      9C2       0
                text1                               538      538       10      9C2       0
                maintext                            2DC      2DC       5F        8       0
                cstackBANK0                          20       20       38       20       1
                cstackCOMMON                         72       72        C       72       1
                clrtext                             571      571        6      AE2       0
                bssBANK2                            120      120       40      120       1
                bssBANK1                             A0       A0       20       A0       1
                bssBANK0                             58       58        A       20       1
                stringtext3                         577      577        3      AEE       0
                stringtext2                         56B      56B        6      AD6       0
                stringtext1                         4C9      4C9       18      992       0

TOTAL           Name                               Link     Load   Length     Space
        CLASS   STACK          

        CLASS   CODE           
                end_init                             56       56        2         0
                cinit                                58       58       1C         0
                intentry                              4        4       52         0
                reset_vec                             0        0        2         0
                text21                              57A      57A        1         0
                text19                              554      554        C         0
                text18                              4E1      4E1       17         0
                text17                              548      548        C         0
                text16                              560      560        B         0
                text15                              412      412       2C         0
                text14                              50E      50E       16         0
                text13                              33B      33B       50         0
                text12                              38B      38B       48         0
                text11                              3D3      3D3       3F         0
                text10                              43E      43E       29         0
                text9                                74       74      163         0
                text8                               48B      48B       23         0
                text7                               1D7      1D7       9C         0
                text6                               4AE      4AE       1B         0
                text5                               524      524       14         0
                text4                               273      273       69         0
                text3                               467      467       24         0
                text2                               4F8      4F8       16         0
                text1                               538      538       10         0
                maintext                            2DC      2DC       5F         0
                clrtext                             571      571        6         0

        CLASS   STRCODE        
                stringtext3                         577      577        3         0
                stringtext2                         56B      56B        6         0
                stringtext1                         4C9      4C9       18         0

        CLASS   STRING         

        CLASS   CONST          

        CLASS   ENTRY          

        CLASS   COMMON         
                cstackCOMMON                         72       72        C         1

        CLASS   BANK0          
                cstackBANK0                          20       20       38         1
                bssBANK0                             58       58        A         1

        CLASS   BANK1          
                bssBANK1                             A0       A0       20         1

        CLASS   BANK2          
                bssBANK2                            120      120       40         1

        CLASS   BANK3          

        CLASS   BANK4          

        CLASS   BANK5          

        CLASS   BANK6          

        CLASS   BIGRAM         

        CLASS   RAM            

        CLASS   ABS1           
                abs_s1                               70       70        2         1
                abs_s1                               7E       7E        2         1

        CLASS   SFR0           

        CLASS   SFR1           

        CLASS   SFR2           

        CLASS   SFR3           

        CLASS   SFR4           

        CLASS   SFR5           

        CLASS   SFR6           

        CLASS   SFR7           

        CLASS   SFR8           

        CLASS   SFR9           

        CLASS   SFR10          

        CLASS   SFR11          

        CLASS   SFR12          

        CLASS   SFR13          

        CLASS   SFR14          

        CLASS   SFR15          

        CLASS   SFR16          

        CLASS   SFR17          

        CLASS   SFR18          

        CLASS   SFR19          

        CLASS   SFR20          

        CLASS   SFR21          

        CLASS   SFR22          

        CLASS   SFR23          

        CLASS   SFR24          

        CLASS   SFR25          

        CLASS   SFR26          

        CLASS   SFR27          

        CLASS   SFR28          

        CLASS   SFR29          

        CLASS   SFR30          

        CLASS   SFR31          

        CLASS   CONFIG         

        CLASS   IDLOC          

        CLASS   EEDATA         

        CLASS   BANK31         

        CLASS   BANK30         

        CLASS   BANK29         

        CLASS   BANK28         

        CLASS   BANK27         

        CLASS   BANK26         

        CLASS   BANK25         

        CLASS   BANK24         

        CLASS   BANK23         

        CLASS   BANK22         

        CLASS   BANK21         

        CLASS   BANK20         

        CLASS   BANK19         

        CLASS   BANK18         

        CLASS   BANK17         

        CLASS   BANK16         

        CLASS   BANK15         

        CLASS   BANK14         

        CLASS   BANK13         

        CLASS   BANK12         

        CLASS   BANK11         

        CLASS   BANK10         

        CLASS   BANK9          

        CLASS   BANK8          

        CLASS   BANK7          



SEGMENTS        Name                           Load    Length   Top    Selector   Space  Class     Delta

                reset_vec                      000000  000002  000002         0       0  CODE        2
                intentry                       000004  0004C5  0004C9         8       0  CODE        2
                cstackBANK0                    000020  000042  000062        20       1  BANK0       1
                cstackCOMMON                   000072  00000C  00007E        72       1  COMMON      1
                bssBANK1                       0000A0  000020  0000C0        A0       1  BANK1       1
                bssBANK2                       000120  000040  000160       120       1  BANK2       1
                stringtext1                    0004C9  000018  0004E1       992       0  STRCODE     2
                text18                         0004E1  00008A  00056B       9C2       0  CODE        2
                stringtext2                    00056B  000006  000571       AD6       0  STRCODE     2
                clrtext                        000571  000006  000577       AE2       0  CODE        2
                stringtext3                    000577  000003  00057A       AEE       0  STRCODE     2
                text21                         00057A  000001  00057B       AF4       0  CODE        2


UNUSED ADDRESS RANGES

        Name                Unused          Largest block    Delta
        BANK0            0062-006F              E           1
        BANK1            00C0-00EF             30           1
        BANK2            0160-016F             10           1
        BANK3            01A0-01EF             50           1
        BANK4            0220-026F             50           1
        BANK5            02A0-02EF             50           1
        BANK6            0320-032F             10           1
        BIGRAM           2000-21EF            1F0           1
        CODE             0002-0003              2           2
                         057B-0FFF            285
        CONFIG           8007-8008              2           2
        CONST            0002-0003              2           2
                         057B-0FFF            100
        EEDATA           F000-F07F             80           2
        ENTRY            0002-0003              2           2
                         057B-0FFF            100
        IDLOC            8000-8003              4           2
        RAM              0062-006F              E           1
                         00C0-00EF             30
                         0160-016F             10
                         01A0-01EF             50
                         0220-026F             50
                         02A0-02EF             50
                         0320-032F             10
        SFR0             0000-001F             20           1
        SFR1             0080-009F             20           1
        SFR10            0500-056F             70           1
        SFR11            0580-05EF             70           1
        SFR12            0600-066F             70           1
        SFR13            0680-06EF             70           1
        SFR14            0700-076F             70           1
        SFR15            0780-07EF             70           1
        SFR16            0800-086F             70           1
        SFR17            0880-08EF             70           1
        SFR18            0900-096F             70           1
        SFR19            0980-09EF             70           1
        SFR2             0100-011F             20           1
        SFR20            0A00-0A6F             70           1
        SFR21            0A80-0AEF             70           1
        SFR22            0B00-0B6F             70           1
        SFR23            0B80-0BEF             70           1
        SFR24            0C00-0C6F             70           1
        SFR25            0C80-0CEF             70           1
        SFR26            0D00-0D6F             70           1
        SFR27            0D80-0DEF             70           1
        SFR28            0E00-0E6F             70           1
        SFR29            0E80-0EEF             70           1
        SFR3             0180-019F             20           1
        SFR30            0F00-0F6F             70           1
        SFR31            0F80-0FEF             70           1
        SFR4             0200-021F             20           1
        SFR5             0280-029F             20           1
        SFR6             0300-031F             20           1
        SFR7             0380-03EF             70           1
        SFR8             0400-046F             70           1
        SFR9             0480-04EF             70           1
        STACK            20E0-21EF            110           1
        STRCODE          0002-0003              2           2
                         057B-0FFF            A85
        STRING           0002-0003              2           2
                         057B-0FFF            100

                                  Symbol Table

?_RFFC2071A_ReadReg                  cstackCOMMON 0074
?___lldiv                            cstackCOMMON 0072
?___llmod                            cstackCOMMON 0072
?___lmul                             cstackCOMMON 0072
DelayMs@Time                         cstackCOMMON 0074
DelayMs@a                            cstackCOMMON 0075
DelayMs@b                            cstackCOMMON 0076
DelayUs@Time                         cstackCOMMON 0072
DelayUs@a                            cstackCOMMON 0073
HiNibbleToHex@val                    cstackCOMMON 0072
LoNibbleToHex@val                    cstackCOMMON 0072
RFFC2071A_CalcFrequency@freq1        cstackBANK0  003D
RFFC2071A_CalcFrequency@freq2        cstackBANK0  0037
RFFC2071A_CalcFrequency@freq3        cstackBANK0  003B
RFFC2071A_CalcFrequency@freq_mhz     cstackBANK0  0026
RFFC2071A_CalcFrequency@n_div        cstackBANK0  0043
RFFC2071A_CalcFrequency@n_frac       cstackBANK0  0048
RFFC2071A_CalcFrequency@n_int        cstackBANK0  0035
RFFC2071A_CalcFrequency@n_lo         cstackBANK0  0044
RFFC2071A_CalcFrequency@path         cstackBANK0  002A
RFFC2071A_CalcFrequency@reg_base     cstackBANK0  004C
RFFC2071A_CalcFrequency@remainder    cstackBANK0  0031
RFFC2071A_CalcFrequency@vco_freq     cstackBANK0  003F
RFFC2071A_ReadReg@addr               cstackCOMMON 0077
RFFC2071A_ReadReg@i                  cstackCOMMON 007B
RFFC2071A_ReadReg@rx_data            cstackCOMMON 0078
RFFC2071A_ReadReg@tx_byte            cstackCOMMON 007A
RFFC2071A_SetDualFrequency@freq1_mhz cstackBANK0  004D
RFFC2071A_SetDualFrequency@freq2_mhz cstackBANK0  0051
RFFC2071A_WriteReg@addr              cstackBANK0  0020
RFFC2071A_WriteReg@data              cstackCOMMON 0074
RFFC2071A_WriteReg@i                 cstackBANK0  0025
RFFC2071A_WriteReg@tx_data           cstackBANK0  0021
SendByteToUART@data                  cstackCOMMON 0072
SendStringToUART@str                 cstackCOMMON 0073
_ANSELA                              (abs)        0197
_BSR_TMP                             (abs)        0071
_DelayMs                             text18       04E1
_DelayUs                             text19       0554
_HiNibbleToHex                       text17       0548
_INTCON                              (abs)        000B
_ISR                                 intentry     0004
_LoNibbleToHex                       text16       0560
_OSCCON                              (abs)        0099
_PA0                                 (abs)        0060
_PA1                                 (abs)        0061
_PA4                                 (abs)        0064
_PB0                                 (abs)        0068
_PB1                                 (abs)        0069
_PB2                                 (abs)        006A
_PCKEN                               (abs)        009A
_PORTA                               (abs)        000C
_PORTB                               (abs)        000D
_PORTC                               (abs)        000E
_POWER_INITIAL                       text15       0412
_PSINK0                              (abs)        019A
_PSINK1                              (abs)        019B
_PSINK2                              (abs)        019C
_PSRC0                               (abs)        011A
_PSRC1                               (abs)        011B
_PSRC2                               (abs)        011C
_RFFC2071A_CalcFrequency             text9        0074
_RFFC2071A_CalcFrequency$4621        cstackBANK0  0039
_RFFC2071A_DefaultConfig             text7        01D7
_RFFC2071A_Init                      text5        0524
_RFFC2071A_ReadReg                   text4        0273
_RFFC2071A_Reset                     text6        04AE
_RFFC2071A_SetDualFrequency          text8        048B
_RFFC2071A_WriteReg                  text13       033B
_RXNEF                               (abs)        2490
_SendByteToUART                      text3        0467
_SendStringToUART                    text2        04F8
_TCEN                                (abs)        2475
_TCF                                 (abs)        24E0
_TRISA                               (abs)        008C
_TRISB                               (abs)        008D
_TRISC                               (abs)        008E
_TXEF                                (abs)        2495
_UART_INITIAL                        text1        0538
_URDATAL                             (abs)        048C
_URDLH                               (abs)        0495
_URDLL                               (abs)        0494
_URIER                               (abs)        048E
_URLCR                               (abs)        048F
_URMCR                               (abs)        0491
_URRXNE                              (abs)        2470
_WPDA                                (abs)        020C
_WPDB                                (abs)        020D
_WPDC                                (abs)        020E
_WPUA                                (abs)        018C
_WPUB                                (abs)        018D
_WPUC                                (abs)        018E
_W_TMP                               (abs)        0070
__Habs1                              abs1         0000
__Hbank0                             bank0        0000
__Hbank1                             bank1        0000
__Hbank10                            bank10       0000
__Hbank11                            bank11       0000
__Hbank12                            bank12       0000
__Hbank13                            bank13       0000
__Hbank14                            bank14       0000
__Hbank15                            bank15       0000
__Hbank16                            bank16       0000
__Hbank17                            bank17       0000
__Hbank18                            bank18       0000
__Hbank19                            bank19       0000
__Hbank2                             bank2        0000
__Hbank20                            bank20       0000
__Hbank21                            bank21       0000
__Hbank22                            bank22       0000
__Hbank23                            bank23       0000
__Hbank24                            bank24       0000
__Hbank25                            bank25       0000
__Hbank26                            bank26       0000
__Hbank27                            bank27       0000
__Hbank28                            bank28       0000
__Hbank29                            bank29       0000
__Hbank3                             bank3        0000
__Hbank30                            bank30       0000
__Hbank31                            bank31       0000
__Hbank4                             bank4        0000
__Hbank5                             bank5        0000
__Hbank6                             bank6        0000
__Hbank7                             bank7        0000
__Hbank8                             bank8        0000
__Hbank9                             bank9        0000
__Hbigram                            bigram       0000
__HbssBANK0                          bssBANK0     0000
__HbssBANK1                          bssBANK1     0000
__HbssBANK2                          bssBANK2     0000
__Hcinit                             cinit        0074
__Hclrtext                           clrtext      0000
__Hcode                              code         0000
__Hcommon                            common       0000
__Hconfig                            config       0000
__HcstackBANK0                       cstackBANK0  0000
__HcstackCOMMON                      cstackCOMMON 0000
__Heeprom_data                       eeprom_data  0000
__Hend_init                          end_init     0058
__Hfunctab                           functab      0000
__Hidloc                             idloc        0000
__Hinit                              init         0056
__Hintentry                          intentry     0056
__Hmaintext                          maintext     0000
__Hpowerup                           powerup      0000
__Hram                               ram          0000
__Hreset_vec                         reset_vec    0002
__Hsfr0                              sfr0         0000
__Hsfr1                              sfr1         0000
__Hsfr10                             sfr10        0000
__Hsfr11                             sfr11        0000
__Hsfr12                             sfr12        0000
__Hsfr13                             sfr13        0000
__Hsfr14                             sfr14        0000
__Hsfr15                             sfr15        0000
__Hsfr16                             sfr16        0000
__Hsfr17                             sfr17        0000
__Hsfr18                             sfr18        0000
__Hsfr19                             sfr19        0000
__Hsfr2                              sfr2         0000
__Hsfr20                             sfr20        0000
__Hsfr21                             sfr21        0000
__Hsfr22                             sfr22        0000
__Hsfr23                             sfr23        0000
__Hsfr24                             sfr24        0000
__Hsfr25                             sfr25        0000
__Hsfr26                             sfr26        0000
__Hsfr27                             sfr27        0000
__Hsfr28                             sfr28        0000
__Hsfr29                             sfr29        0000
__Hsfr3                              sfr3         0000
__Hsfr30                             sfr30        0000
__Hsfr31                             sfr31        0000
__Hsfr4                              sfr4         0000
__Hsfr5                              sfr5         0000
__Hsfr6                              sfr6         0000
__Hsfr7                              sfr7         0000
__Hsfr8                              sfr8         0000
__Hsfr9                              sfr9         0000
__Hspace_0                           (abs)        057B
__Hspace_1                           (abs)        0160
__Hspace_2                           (abs)        0000
__Hspace_3                           (abs)        0000
__Hstack                             stack        0000
__Hstrings                           strings      0000
__Hstringtext1                       stringtext1  0000
__Hstringtext2                       stringtext2  0000
__Hstringtext3                       stringtext3  0000
__Hstringtext4                       stringtext4  0000
__Htext                              text         0000
__Labs1                              abs1         0000
__Lbank0                             bank0        0000
__Lbank1                             bank1        0000
__Lbank10                            bank10       0000
__Lbank11                            bank11       0000
__Lbank12                            bank12       0000
__Lbank13                            bank13       0000
__Lbank14                            bank14       0000
__Lbank15                            bank15       0000
__Lbank16                            bank16       0000
__Lbank17                            bank17       0000
__Lbank18                            bank18       0000
__Lbank19                            bank19       0000
__Lbank2                             bank2        0000
__Lbank20                            bank20       0000
__Lbank21                            bank21       0000
__Lbank22                            bank22       0000
__Lbank23                            bank23       0000
__Lbank24                            bank24       0000
__Lbank25                            bank25       0000
__Lbank26                            bank26       0000
__Lbank27                            bank27       0000
__Lbank28                            bank28       0000
__Lbank29                            bank29       0000
__Lbank3                             bank3        0000
__Lbank30                            bank30       0000
__Lbank31                            bank31       0000
__Lbank4                             bank4        0000
__Lbank5                             bank5        0000
__Lbank6                             bank6        0000
__Lbank7                             bank7        0000
__Lbank8                             bank8        0000
__Lbank9                             bank9        0000
__Lbigram                            bigram       0000
__LbssBANK0                          bssBANK0     0000
__LbssBANK1                          bssBANK1     0000
__LbssBANK2                          bssBANK2     0000
__Lcinit                             cinit        0058
__Lclrtext                           clrtext      0000
__Lcode                              code         0000
__Lcommon                            common       0000
__Lconfig                            config       0000
__LcstackBANK0                       cstackBANK0  0000
__LcstackCOMMON                      cstackCOMMON 0000
__Leeprom_data                       eeprom_data  0000
__Lend_init                          end_init     0056
__Lfunctab                           functab      0000
__Lidloc                             idloc        0000
__Linit                              init         0056
__Lintentry                          intentry     0004
__Lmaintext                          maintext     0000
__Lpowerup                           powerup      0000
__Lram                               ram          0000
__Lreset_vec                         reset_vec    0000
__Lsfr0                              sfr0         0000
__Lsfr1                              sfr1         0000
__Lsfr10                             sfr10        0000
__Lsfr11                             sfr11        0000
__Lsfr12                             sfr12        0000
__Lsfr13                             sfr13        0000
__Lsfr14                             sfr14        0000
__Lsfr15                             sfr15        0000
__Lsfr16                             sfr16        0000
__Lsfr17                             sfr17        0000
__Lsfr18                             sfr18        0000
__Lsfr19                             sfr19        0000
__Lsfr2                              sfr2         0000
__Lsfr20                             sfr20        0000
__Lsfr21                             sfr21        0000
__Lsfr22                             sfr22        0000
__Lsfr23                             sfr23        0000
__Lsfr24                             sfr24        0000
__Lsfr25                             sfr25        0000
__Lsfr26                             sfr26        0000
__Lsfr27                             sfr27        0000
__Lsfr28                             sfr28        0000
__Lsfr29                             sfr29        0000
__Lsfr3                              sfr3         0000
__Lsfr30                             sfr30        0000
__Lsfr31                             sfr31        0000
__Lsfr4                              sfr4         0000
__Lsfr5                              sfr5         0000
__Lsfr6                              sfr6         0000
__Lsfr7                              sfr7         0000
__Lsfr8                              sfr8         0000
__Lsfr9                              sfr9         0000
__Lspace_0                           (abs)        0000
__Lspace_1                           (abs)        0000
__Lspace_2                           (abs)        0000
__Lspace_3                           (abs)        0000
__Lstack                             stack        0000
__Lstrings                           strings      0000
__Lstringtext1                       stringtext1  0000
__Lstringtext2                       stringtext2  0000
__Lstringtext3                       stringtext3  0000
__Lstringtext4                       stringtext4  0000
__Ltext                              text         0000
__S0                                 (abs)        057B
__S1                                 (abs)        0160
__S2                                 (abs)        0000
__S3                                 (abs)        0000
___int_sp                            stack        0000
___latbits                           (abs)        0001
___lldiv                             text12       038B
___lldiv@counter                     cstackBANK0  0024
___lldiv@dividend                    cstackCOMMON 0076
___lldiv@divisor                     cstackCOMMON 0072
___lldiv@quotient                    cstackBANK0  0020
___llmod                             text11       03D3
___llmod@counter                     cstackCOMMON 007A
___llmod@dividend                    cstackCOMMON 0076
___llmod@divisor                     cstackCOMMON 0072
___lmul                              text10       043E
___lmul@multiplicand                 cstackCOMMON 0076
___lmul@multiplier                   cstackCOMMON 0072
___lmul@product                      cstackCOMMON 007A
___rffc_dummy_porta                  bssBANK0     005B
___rffc_dummy_portb                  bssBANK0     005A
___rffc_dummy_trisa                  bssBANK0     0059
___rffc_dummy_trisb                  bssBANK0     0058
___sp                                stack        0000
__end_of_DelayMs                     text18       04F8
__end_of_DelayUs                     text19       0560
__end_of_HiNibbleToHex               text17       0554
__end_of_ISR                         intentry     0056
__end_of_LoNibbleToHex               text16       056B
__end_of_POWER_INITIAL               text15       043E
__end_of_RFFC2071A_CalcFrequency     text9        01D7
__end_of_RFFC2071A_DefaultConfig     text7        0273
__end_of_RFFC2071A_Init              text5        0538
__end_of_RFFC2071A_ReadReg           text4        02DC
__end_of_RFFC2071A_Reset             text6        04C9
__end_of_RFFC2071A_SetDualFrequency  text8        04AE
__end_of_RFFC2071A_WriteReg          text13       038B
__end_of_SendByteToUART              text3        048B
__end_of_SendStringToUART            text2        050E
__end_of_UART_INITIAL                text1        0548
__end_of___lldiv                     text12       03D3
__end_of___llmod                     text11       0412
__end_of___lmul                      text10       0467
__end_of__initialization             cinit        0070
__end_of_delay_us                    text14       0524
__end_of_hex_chars                   stringtext1  04DA
__end_of_main                        maintext     033B
__end_of_user_isr                    text21       057B
__initialization                     cinit        0058
__pbssBANK0                          bssBANK0     0058
__pbssBANK1                          bssBANK1     00A0
__pbssBANK2                          bssBANK2     0120
__pcstackBANK0                       cstackBANK0  0020
__pcstackCOMMON                      cstackCOMMON 0072
__pintentry                          intentry     0004
__pmaintext                          maintext     02DC
__pstringtext1                       stringtext1  04C9
__pstringtext2                       stringtext2  056B
__pstringtext3                       stringtext3  0577
__pstringtext4                       stringtext4  0000
__ptext1                             text1        0538
__ptext10                            text10       043E
__ptext11                            text11       03D3
__ptext12                            text12       038B
__ptext13                            text13       033B
__ptext14                            text14       050E
__ptext15                            text15       0412
__ptext16                            text16       0560
__ptext17                            text17       0548
__ptext18                            text18       04E1
__ptext19                            text19       0554
__ptext2                             text2        04F8
__ptext21                            text21       057A
__ptext3                             text3        0467
__ptext4                             text4        0273
__ptext5                             text5        0524
__ptext6                             text6        04AE
__ptext7                             text7        01D7
__ptext8                             text8        048B
__ptext9                             text9        0074
__size_of_DelayMs                    (abs)        0000
__size_of_DelayUs                    (abs)        0000
__size_of_HiNibbleToHex              (abs)        0000
__size_of_ISR                        (abs)        0000
__size_of_LoNibbleToHex              (abs)        0000
__size_of_POWER_INITIAL              (abs)        0000
__size_of_RFFC2071A_CalcFrequency    (abs)        0000
__size_of_RFFC2071A_DefaultConfig    (abs)        0000
__size_of_RFFC2071A_Init             (abs)        0000
__size_of_RFFC2071A_ReadReg          (abs)        0000
__size_of_RFFC2071A_Reset            (abs)        0000
__size_of_RFFC2071A_SetDualFrequency (abs)        0000
__size_of_RFFC2071A_WriteReg         (abs)        0000
__size_of_SendByteToUART             (abs)        0000
__size_of_SendStringToUART           (abs)        0000
__size_of_UART_INITIAL               (abs)        0000
__size_of___lldiv                    (abs)        0000
__size_of___llmod                    (abs)        0000
__size_of___lmul                     (abs)        0000
__size_of_delay_us                   (abs)        0000
__size_of_main                       (abs)        0000
__size_of_user_isr                   (abs)        0000
_delay_us                            text14       050E
_hex_chars                           stringtext1  04C9
_main                                maintext     02DC
_receivedata                         bssBANK1     00A0
_rxCounter                           bssBANK0     0061
_rxIndexIp                           bssBANK0     0060
_rxIndexOp                           bssBANK0     005F
_toSend                              bssBANK2     0120
_txCounter                           bssBANK0     005E
_txIndexIp                           bssBANK0     005D
_txIndexOp                           bssBANK0     005C
_user_isr                            text21       057A
btemp                                (abs)        007E
clear_ram0                           clrtext      0571
delay_us@us                          cstackCOMMON 0072
end_of_initialization                cinit        0070
int$flags                            (abs)        007E
intlevel0                            functab      0000
intlevel1                            functab      0000
intlevel2                            functab      0000
intlevel3                            functab      0000
intlevel4                            functab      0000
intlevel5                            functab      0000
main@i                               cstackBANK0  0055
main@readback                        cstackBANK0  0056
reset_vec                            reset_vec    0000
stackhi                              (abs)        21EF
stacklo                              (abs)        20E0
start                                init         0056
start_initialization                 cinit        0058
wtemp0                               (abs)        007E


FUNCTION INFORMATION:

 *************** function _main *****************
 Defined at:
		line 282 in file "DualMixer.C"
 Parameters:    Size  Location     Type
		None
 Auto vars:     Size  Location     Type
  readback        2   54[BANK0 ] unsigned int 
  i               1   53[BANK0 ] unsigned char 
 Return value:  Size  Location     Type
                  2  1678[None  ] int 
 Registers used:
		wreg, fsr0l, fsr0h, fsr1l, fsr1h, status,2, status,0, pclath, cstack
 Tracked objects:
		On entry : 
		On exit  : 
		Unchanged: 
 Data sizes:     COMMON   BANK0   BANK1   BANK2   BANK3   BANK4   BANK5   BANK6
      Params:         0       0       0       0       0       0       0       0
      Locals:         0       3       0       0       0       0       0       0
      Temps:          0       0       0       0       0       0       0       0
      Totals:         0       3       0       0       0       0       0       0
Total ram usage:        3 bytes
 Hardware stack levels required when called:    8
 This function calls:
		_DelayMs
		_HiNibbleToHex
		_LoNibbleToHex
		_POWER_INITIAL
		_RFFC2071A_Init
		_RFFC2071A_ReadReg
		_SendByteToUART
		_SendStringToUART
		_UART_INITIAL
 This function is called by:
		Startup code after reset
 This function uses a non-reentrant model


 *************** function _UART_INITIAL *****************
 Defined at:
		line 181 in file "DualMixer.C"
 Parameters:    Size  Location     Type
		None
 Auto vars:     Size  Location     Type
		None
 Return value:  Size  Location     Type
                  1    wreg      void 
 Registers used:
		wreg, status,2
 Tracked objects:
		On entry : 
		On exit  : 
		Unchanged: 
 Data sizes:     COMMON   BANK0   BANK1   BANK2   BANK3   BANK4   BANK5   BANK6
      Params:         0       0       0       0       0       0       0       0
      Locals:         0       0       0       0       0       0       0       0
      Temps:          0       0       0       0       0       0       0       0
      Totals:         0       0       0       0       0       0       0       0
Total ram usage:        0 bytes
 Hardware stack levels used:    1
 Hardware stack levels required when called:    2
 This function calls:
		Nothing
 This function is called by:
		_main
 This function uses a non-reentrant model


 *************** function _SendStringToUART *****************
 Defined at:
		line 228 in file "DualMixer.C"
 Parameters:    Size  Location     Type
  str             2    1[COMMON] PTR unsigned char 
		 -> STR_3(3), STR_2(7), STR_1(6), 
 Auto vars:     Size  Location     Type
		None
 Return value:  Size  Location     Type
                  1    wreg      void 
 Registers used:
		wreg, fsr0l, fsr0h, fsr1l, fsr1h, status,2, status,0, pclath, cstack
 Tracked objects:
		On entry : 
		On exit  : 
		Unchanged: 
 Data sizes:     COMMON   BANK0   BANK1   BANK2   BANK3   BANK4   BANK5   BANK6
      Params:         2       0       0       0       0       0       0       0
      Locals:         0       0       0       0       0       0       0       0
      Temps:          1       0       0       0       0       0       0       0
      Totals:         3       0       0       0       0       0       0       0
Total ram usage:        3 bytes
 Hardware stack levels used:    1
 Hardware stack levels required when called:    3
 This function calls:
		_SendByteToUART
 This function is called by:
		_main
 This function uses a non-reentrant model


 *************** function _SendByteToUART *****************
 Defined at:
		line 205 in file "DualMixer.C"
 Parameters:    Size  Location     Type
  data            1    wreg     unsigned char 
 Auto vars:     Size  Location     Type
  data            1    0[COMMON] unsigned char 
 Return value:  Size  Location     Type
                  1    wreg      void 
 Registers used:
		wreg, fsr1l, fsr1h, status,2, status,0
 Tracked objects:
		On entry : 
		On exit  : 
		Unchanged: 
 Data sizes:     COMMON   BANK0   BANK1   BANK2   BANK3   BANK4   BANK5   BANK6
      Params:         0       0       0       0       0       0       0       0
      Locals:         1       0       0       0       0       0       0       0
      Temps:          0       0       0       0       0       0       0       0
      Totals:         1       0       0       0       0       0       0       0
Total ram usage:        1 bytes
 Hardware stack levels used:    1
 Hardware stack levels required when called:    2
 This function calls:
		Nothing
 This function is called by:
		_SendStringToUART
		_main
 This function uses a non-reentrant model


 *************** function _RFFC2071A_ReadReg *****************
 Defined at:
		line 125 in file "RFFC2071A.c"
 Parameters:    Size  Location     Type
  addr            1    wreg     unsigned char 
 Auto vars:     Size  Location     Type
  addr            1    5[COMMON] unsigned char 
  rx_data         2    6[COMMON] unsigned int 
  i               1    9[COMMON] unsigned char 
  tx_byte         1    8[COMMON] unsigned char 
 Return value:  Size  Location     Type
                  2    2[COMMON] unsigned int 
 Registers used:
		wreg, status,2, status,0, pclath, cstack
 Tracked objects:
		On entry : 
		On exit  : 
		Unchanged: 
 Data sizes:     COMMON   BANK0   BANK1   BANK2   BANK3   BANK4   BANK5   BANK6
      Params:         3       0       0       0       0       0       0       0
      Locals:         5       0       0       0       0       0       0       0
      Temps:          0       0       0       0       0       0       0       0
      Totals:         8       0       0       0       0       0       0       0
Total ram usage:        8 bytes
 Hardware stack levels used:    1
 Hardware stack levels required when called:    3
 This function calls:
		_delay_us
 This function is called by:
		_main
 This function uses a non-reentrant model


 *************** function _RFFC2071A_Init *****************
 Defined at:
		line 53 in file "RFFC2071A.c"
 Parameters:    Size  Location     Type
		None
 Auto vars:     Size  Location     Type
		None
 Return value:  Size  Location     Type
                  1    wreg      void 
 Registers used:
		wreg, fsr0l, fsr0h, status,2, status,0, pclath, cstack
 Tracked objects:
		On entry : 
		On exit  : 
		Unchanged: 
 Data sizes:     COMMON   BANK0   BANK1   BANK2   BANK3   BANK4   BANK5   BANK6
      Params:         0       0       0       0       0       0       0       0
      Locals:         0       0       0       0       0       0       0       0
      Temps:          0       0       0       0       0       0       0       0
      Totals:         0       0       0       0       0       0       0       0
Total ram usage:        0 bytes
 Hardware stack levels used:    1
 Hardware stack levels required when called:    7
 This function calls:
		_RFFC2071A_DefaultConfig
		_RFFC2071A_Reset
		_delay_us
 This function is called by:
		_main
 This function uses a non-reentrant model


 *************** function _RFFC2071A_Reset *****************
 Defined at:
		line 75 in file "RFFC2071A.c"
 Parameters:    Size  Location     Type
		None
 Auto vars:     Size  Location     Type
		None
 Return value:  Size  Location     Type
                  1    wreg      void 
 Registers used:
		wreg, status,2, status,0, pclath, cstack
 Tracked objects:
		On entry : 
		On exit  : 
		Unchanged: 
 Data sizes:     COMMON   BANK0   BANK1   BANK2   BANK3   BANK4   BANK5   BANK6
      Params:         0       0       0       0       0       0       0       0
      Locals:         0       0       0       0       0       0       0       0
      Temps:          0       0       0       0       0       0       0       0
      Totals:         0       0       0       0       0       0       0       0
Total ram usage:        0 bytes
 Hardware stack levels used:    1
 Hardware stack levels required when called:    3
 This function calls:
		_delay_us
 This function is called by:
		_RFFC2071A_Init
 This function uses a non-reentrant model


 *************** function _RFFC2071A_DefaultConfig *****************
 Defined at:
		line 182 in file "RFFC2071A.c"
 Parameters:    Size  Location     Type
		None
 Auto vars:     Size  Location     Type
		None
 Return value:  Size  Location     Type
                  1    wreg      void 
 Registers used:
		wreg, fsr0l, fsr0h, status,2, status,0, pclath, cstack
 Tracked objects:
		On entry : 
		On exit  : 
		Unchanged: 
 Data sizes:     COMMON   BANK0   BANK1   BANK2   BANK3   BANK4   BANK5   BANK6
      Params:         0       0       0       0       0       0       0       0
      Locals:         0       0       0       0       0       0       0       0
      Temps:          0       0       0       0       0       0       0       0
      Totals:         0       0       0       0       0       0       0       0
Total ram usage:        0 bytes
 Hardware stack levels used:    1
 Hardware stack levels required when called:    6
 This function calls:
		_RFFC2071A_SetDualFrequency
		_RFFC2071A_WriteReg
 This function is called by:
		_RFFC2071A_Init
 This function uses a non-reentrant model


 *************** function _RFFC2071A_SetDualFrequency *****************
 Defined at:
		line 335 in file "RFFC2071A.c"
 Parameters:    Size  Location     Type
  freq1_mhz       4   45[BANK0 ] unsigned long 
  freq2_mhz       4   49[BANK0 ] unsigned long 
 Auto vars:     Size  Location     Type
		None
 Return value:  Size  Location     Type
                  1    wreg      void 
 Registers used:
		wreg, fsr0l, fsr0h, status,2, status,0, pclath, cstack
 Tracked objects:
		On entry : 
		On exit  : 
		Unchanged: 
 Data sizes:     COMMON   BANK0   BANK1   BANK2   BANK3   BANK4   BANK5   BANK6
      Params:         0       8       0       0       0       0       0       0
      Locals:         0       0       0       0       0       0       0       0
      Temps:          0       0       0       0       0       0       0       0
      Totals:         0       8       0       0       0       0       0       0
Total ram usage:        8 bytes
 Hardware stack levels used:    1
 Hardware stack levels required when called:    5
 This function calls:
		_RFFC2071A_CalcFrequency
		_RFFC2071A_WriteReg
 This function is called by:
		_RFFC2071A_DefaultConfig
 This function uses a non-reentrant model


 *************** function _RFFC2071A_CalcFrequency *****************
 Defined at:
		line 245 in file "RFFC2071A.c"
 Parameters:    Size  Location     Type
  freq_mhz        4    6[BANK0 ] unsigned long 
  path            1   10[BANK0 ] unsigned char 
 Auto vars:     Size  Location     Type
  n_frac          4   40[BANK0 ] unsigned long 
  n_lo            4   36[BANK0 ] unsigned long 
  vco_freq        4   31[BANK0 ] unsigned long 
  remainder       4   17[BANK0 ] unsigned long 
  freq1           2   29[BANK0 ] unsigned int 
  freq3           2   27[BANK0 ] unsigned int 
  freq2           2   23[BANK0 ] unsigned int 
  n_int           2   21[BANK0 ] unsigned int 
  reg_base        1   44[BANK0 ] unsigned char 
  n_div           1   35[BANK0 ] unsigned char 
 Return value:  Size  Location     Type
                  1    wreg      void 
 Registers used:
		wreg, fsr0l, fsr0h, status,2, status,0, pclath, cstack
 Tracked objects:
		On entry : 
		On exit  : 
		Unchanged: 
 Data sizes:     COMMON   BANK0   BANK1   BANK2   BANK3   BANK4   BANK5   BANK6
      Params:         0       5       0       0       0       0       0       0
      Locals:         0      28       0       0       0       0       0       0
      Temps:          0       6       0       0       0       0       0       0
      Totals:         0      39       0       0       0       0       0       0
Total ram usage:       39 bytes
 Hardware stack levels used:    1
 Hardware stack levels required when called:    4
 This function calls:
		_RFFC2071A_WriteReg
		___lldiv
		___llmod
		___lmul
 This function is called by:
		_RFFC2071A_SetDualFrequency
 This function uses a non-reentrant model


 *************** function ___lmul *****************
 Defined at:
		line 15 in file "C:\Program Files (x86)\CCompiler\Compiler\data\sources\common\Umul32.c"
 Parameters:    Size  Location     Type
  multiplier      4    0[COMMON] unsigned long 
  multiplicand    4    4[COMMON] unsigned long 
 Auto vars:     Size  Location     Type
  product         4    8[COMMON] unsigned long 
 Return value:  Size  Location     Type
                  4    0[COMMON] unsigned long 
 Registers used:
		wreg, status,2, status,0
 Tracked objects:
		On entry : 
		On exit  : 
		Unchanged: 
 Data sizes:     COMMON   BANK0   BANK1   BANK2   BANK3   BANK4   BANK5   BANK6
      Params:         8       0       0       0       0       0       0       0
      Locals:         4       0       0       0       0       0       0       0
      Temps:          0       0       0       0       0       0       0       0
      Totals:        12       0       0       0       0       0       0       0
Total ram usage:       12 bytes
 Hardware stack levels used:    1
 Hardware stack levels required when called:    2
 This function calls:
		Nothing
 This function is called by:
		_RFFC2071A_CalcFrequency
 This function uses a non-reentrant model


 *************** function ___llmod *****************
 Defined at:
		line 6 in file "C:\Program Files (x86)\CCompiler\Compiler\data\sources\common\llmod.c"
 Parameters:    Size  Location     Type
  divisor         4    0[COMMON] unsigned long 
  dividend        4    4[COMMON] unsigned long 
 Auto vars:     Size  Location     Type
  counter         1    8[COMMON] unsigned char 
 Return value:  Size  Location     Type
                  4    0[COMMON] unsigned long 
 Registers used:
		wreg, status,2, status,0
 Tracked objects:
		On entry : 
		On exit  : 
		Unchanged: 
 Data sizes:     COMMON   BANK0   BANK1   BANK2   BANK3   BANK4   BANK5   BANK6
      Params:         8       0       0       0       0       0       0       0
      Locals:         1       0       0       0       0       0       0       0
      Temps:          0       0       0       0       0       0       0       0
      Totals:         9       0       0       0       0       0       0       0
Total ram usage:        9 bytes
 Hardware stack levels used:    1
 Hardware stack levels required when called:    2
 This function calls:
		Nothing
 This function is called by:
		_RFFC2071A_CalcFrequency
 This function uses a non-reentrant model


 *************** function ___lldiv *****************
 Defined at:
		line 6 in file "C:\Program Files (x86)\CCompiler\Compiler\data\sources\common\lldiv.c"
 Parameters:    Size  Location     Type
  divisor         4    0[COMMON] unsigned long 
  dividend        4    4[COMMON] unsigned long 
 Auto vars:     Size  Location     Type
  quotient        4    0[BANK0 ] unsigned long 
  counter         1    4[BANK0 ] unsigned char 
 Return value:  Size  Location     Type
                  4    0[COMMON] unsigned long 
 Registers used:
		wreg, status,2, status,0
 Tracked objects:
		On entry : 
		On exit  : 
		Unchanged: 
 Data sizes:     COMMON   BANK0   BANK1   BANK2   BANK3   BANK4   BANK5   BANK6
      Params:         8       0       0       0       0       0       0       0
      Locals:         0       5       0       0       0       0       0       0
      Temps:          0       0       0       0       0       0       0       0
      Totals:         8       5       0       0       0       0       0       0
Total ram usage:       13 bytes
 Hardware stack levels used:    1
 Hardware stack levels required when called:    2
 This function calls:
		Nothing
 This function is called by:
		_RFFC2071A_CalcFrequency
 This function uses a non-reentrant model


 *************** function _RFFC2071A_WriteReg *****************
 Defined at:
		line 89 in file "RFFC2071A.c"
 Parameters:    Size  Location     Type
  addr            1    wreg     unsigned char 
  data            2    2[COMMON] unsigned int 
 Auto vars:     Size  Location     Type
  addr            1    0[BANK0 ] unsigned char 
  tx_data         4    1[BANK0 ] unsigned long 
  i               1    5[BANK0 ] unsigned char 
 Return value:  Size  Location     Type
                  1    wreg      void 
 Registers used:
		wreg, status,2, status,0, pclath, cstack
 Tracked objects:
		On entry : 
		On exit  : 
		Unchanged: 
 Data sizes:     COMMON   BANK0   BANK1   BANK2   BANK3   BANK4   BANK5   BANK6
      Params:         2       0       0       0       0       0       0       0
      Locals:         0       6       0       0       0       0       0       0
      Temps:          4       0       0       0       0       0       0       0
      Totals:         6       6       0       0       0       0       0       0
Total ram usage:       12 bytes
 Hardware stack levels used:    1
 Hardware stack levels required when called:    3
 This function calls:
		_delay_us
 This function is called by:
		_RFFC2071A_DefaultConfig
		_RFFC2071A_CalcFrequency
		_RFFC2071A_SetDualFrequency
 This function uses a non-reentrant model


 *************** function _delay_us *****************
 Defined at:
		line 40 in file "RFFC2071A.c"
 Parameters:    Size  Location     Type
  us              2    0[COMMON] unsigned int 
 Auto vars:     Size  Location     Type
		None
 Return value:  Size  Location     Type
                  1    wreg      void 
 Registers used:
		wreg, status,2, status,0
 Tracked objects:
		On entry : 
		On exit  : 
		Unchanged: 
 Data sizes:     COMMON   BANK0   BANK1   BANK2   BANK3   BANK4   BANK5   BANK6
      Params:         2       0       0       0       0       0       0       0
      Locals:         0       0       0       0       0       0       0       0
      Temps:          0       0       0       0       0       0       0       0
      Totals:         2       0       0       0       0       0       0       0
Total ram usage:        2 bytes
 Hardware stack levels used:    1
 Hardware stack levels required when called:    2
 This function calls:
		Nothing
 This function is called by:
		_RFFC2071A_Init
		_RFFC2071A_Reset
		_RFFC2071A_WriteReg
		_RFFC2071A_ReadReg
 This function uses a non-reentrant model


 *************** function _POWER_INITIAL *****************
 Defined at:
		line 112 in file "DualMixer.C"
 Parameters:    Size  Location     Type
		None
 Auto vars:     Size  Location     Type
		None
 Return value:  Size  Location     Type
                  1    wreg      void 
 Registers used:
		wreg, status,2
 Tracked objects:
		On entry : 
		On exit  : 
		Unchanged: 
 Data sizes:     COMMON   BANK0   BANK1   BANK2   BANK3   BANK4   BANK5   BANK6
      Params:         0       0       0       0       0       0       0       0
      Locals:         0       0       0       0       0       0       0       0
      Temps:          0       0       0       0       0       0       0       0
      Totals:         0       0       0       0       0       0       0       0
Total ram usage:        0 bytes
 Hardware stack levels used:    1
 Hardware stack levels required when called:    2
 This function calls:
		Nothing
 This function is called by:
		_main
 This function uses a non-reentrant model


 *************** function _LoNibbleToHex *****************
 Defined at:
		line 272 in file "DualMixer.C"
 Parameters:    Size  Location     Type
  val             1    wreg     unsigned char 
 Auto vars:     Size  Location     Type
  val             1    0[COMMON] unsigned char 
 Return value:  Size  Location     Type
                  1    wreg      unsigned char 
 Registers used:
		wreg, fsr0l, fsr0h, status,2, pclath
 Tracked objects:
		On entry : 
		On exit  : 
		Unchanged: 
 Data sizes:     COMMON   BANK0   BANK1   BANK2   BANK3   BANK4   BANK5   BANK6
      Params:         0       0       0       0       0       0       0       0
      Locals:         1       0       0       0       0       0       0       0
      Temps:          0       0       0       0       0       0       0       0
      Totals:         1       0       0       0       0       0       0       0
Total ram usage:        1 bytes
 Hardware stack levels used:    1
 Hardware stack levels required when called:    2
 This function calls:
		Nothing
 This function is called by:
		_main
 This function uses a non-reentrant model


 *************** function _HiNibbleToHex *****************
 Defined at:
		line 262 in file "DualMixer.C"
 Parameters:    Size  Location     Type
  val             1    wreg     unsigned char 
 Auto vars:     Size  Location     Type
  val             1    0[COMMON] unsigned char 
 Return value:  Size  Location     Type
                  1    wreg      unsigned char 
 Registers used:
		wreg, fsr0l, fsr0h, status,2, status,0, pclath
 Tracked objects:
		On entry : 
		On exit  : 
		Unchanged: 
 Data sizes:     COMMON   BANK0   BANK1   BANK2   BANK3   BANK4   BANK5   BANK6
      Params:         0       0       0       0       0       0       0       0
      Locals:         1       0       0       0       0       0       0       0
      Temps:          0       0       0       0       0       0       0       0
      Totals:         1       0       0       0       0       0       0       0
Total ram usage:        1 bytes
 Hardware stack levels used:    1
 Hardware stack levels required when called:    2
 This function calls:
		Nothing
 This function is called by:
		_main
 This function uses a non-reentrant model


 *************** function _DelayMs *****************
 Defined at:
		line 162 in file "DualMixer.C"
 Parameters:    Size  Location     Type
  Time            1    wreg     unsigned char 
 Auto vars:     Size  Location     Type
  Time            1    2[COMMON] unsigned char 
  b               1    4[COMMON] unsigned char 
  a               1    3[COMMON] unsigned char 
 Return value:  Size  Location     Type
                  1    wreg      void 
 Registers used:
		wreg, status,2, status,0, pclath, cstack
 Tracked objects:
		On entry : 
		On exit  : 
		Unchanged: 
 Data sizes:     COMMON   BANK0   BANK1   BANK2   BANK3   BANK4   BANK5   BANK6
      Params:         0       0       0       0       0       0       0       0
      Locals:         3       0       0       0       0       0       0       0
      Temps:          0       0       0       0       0       0       0       0
      Totals:         3       0       0       0       0       0       0       0
Total ram usage:        3 bytes
 Hardware stack levels used:    1
 Hardware stack levels required when called:    3
 This function calls:
		_DelayUs
 This function is called by:
		_main
 This function uses a non-reentrant model


 *************** function _DelayUs *****************
 Defined at:
		line 148 in file "DualMixer.C"
 Parameters:    Size  Location     Type
  Time            1    wreg     unsigned char 
 Auto vars:     Size  Location     Type
  Time            1    0[COMMON] unsigned char 
  a               1    1[COMMON] unsigned char 
 Return value:  Size  Location     Type
                  1    wreg      void 
 Registers used:
		wreg, status,2, status,0
 Tracked objects:
		On entry : 
		On exit  : 
		Unchanged: 
 Data sizes:     COMMON   BANK0   BANK1   BANK2   BANK3   BANK4   BANK5   BANK6
      Params:         0       0       0       0       0       0       0       0
      Locals:         2       0       0       0       0       0       0       0
      Temps:          0       0       0       0       0       0       0       0
      Totals:         2       0       0       0       0       0       0       0
Total ram usage:        2 bytes
 Hardware stack levels used:    1
 Hardware stack levels required when called:    2
 This function calls:
		Nothing
 This function is called by:
		_DelayMs
 This function uses a non-reentrant model


 *************** function _ISR *****************
 Defined at:
		line 50 in file "DualMixer.C"
 Parameters:    Size  Location     Type
		None
 Auto vars:     Size  Location     Type
		None
 Return value:  Size  Location     Type
                  1    wreg      void 
 Registers used:
		wreg, fsr1l, fsr1h, status,2, status,0, pclath, cstack
 Tracked objects:
		On entry : 
		On exit  : 
		Unchanged: 
 Data sizes:     COMMON   BANK0   BANK1   BANK2   BANK3   BANK4   BANK5   BANK6
      Params:         0       0       0       0       0       0       0       0
      Locals:         0       0       0       0       0       0       0       0
      Temps:          0       0       0       0       0       0       0       0
      Totals:         0       0       0       0       0       0       0       0
Total ram usage:        0 bytes
 Hardware stack levels used:    1
 Hardware stack levels required when called:    1
 This function calls:
		_user_isr
 This function is called by:
		Interrupt level 1
 This function uses a non-reentrant model


 *************** function _user_isr *****************
 Defined at:
		line 101 in file "DualMixer.C"
 Parameters:    Size  Location     Type
		None
 Auto vars:     Size  Location     Type
		None
 Return value:  Size  Location     Type
                  1    wreg      void 
 Registers used:
		None
 Tracked objects:
		On entry : 
		On exit  : 
		Unchanged: 
 Data sizes:     COMMON   BANK0   BANK1   BANK2   BANK3   BANK4   BANK5   BANK6
      Params:         0       0       0       0       0       0       0       0
      Locals:         0       0       0       0       0       0       0       0
      Temps:          0       0       0       0       0       0       0       0
      Totals:         0       0       0       0       0       0       0       0
Total ram usage:        0 bytes
 Hardware stack levels used:    1
 This function calls:
		Nothing
 This function is called by:
		_ISR
 This function uses a non-reentrant model



MODULE INFORMATION

Module		Function		Class		Link	Load	Size
RFFC2071A.c
		_delay_us      		CODE           	050E	0000	23
		_RFFC2071A_ReadReg		CODE           	0273	0000	106
		_RFFC2071A_Init		CODE           	0524	0000	21
		_RFFC2071A_WriteReg		CODE           	033B	0000	81
		_RFFC2071A_SetDualFrequency		CODE           	048B	0000	36
		_RFFC2071A_CalcFrequency		CODE           	0074	0000	356
		_RFFC2071A_Reset		CODE           	04AE	0000	28
		_RFFC2071A_DefaultConfig		CODE           	01D7	0000	157

RFFC2071A.c estimated size: 808

DualMixer.C
		_DelayUs       		CODE           	0554	0000	13
		_ISR           		CODE           	0004	0000	83
		_UART_INITIAL  		CODE           	0538	0000	17
		_main          		CODE           	02DC	0000	96
		_DelayMs       		CODE           	04E1	0000	24
		_POWER_INITIAL 		CODE           	0412	0000	45
		_SendByteToUART		CODE           	0467	0000	37
		_HiNibbleToHex 		CODE           	0548	0000	13
		_user_isr      		CODE           	057A	0000	2
		_LoNibbleToHex 		CODE           	0560	0000	12
		_SendStringToUART		CODE           	04F8	0000	23

DualMixer.C estimated size: 365

C:\Program Files (x86)\CCompiler\Compiler\data\sources\common\lldiv.c
		___lldiv       		CODE           	038B	0000	73

C:\Program Files (x86)\CCompiler\Compiler\data\sources\common\lldiv.c estimated size: 73

C:\Program Files (x86)\CCompiler\Compiler\data\sources\common\Umul32.c
		___lmul        		CODE           	043E	0000	42

C:\Program Files (x86)\CCompiler\Compiler\data\sources\common\Umul32.c estimated size: 42

shared
		_hex_chars     		STRCODE        	04C9	0000	18
		__initialization		CODE           	0058	0000	25

shared estimated size: 43

C:\Program Files (x86)\CCompiler\Compiler\data\sources\common\llmod.c
		___llmod       		CODE           	03D3	0000	64

C:\Program Files (x86)\CCompiler\Compiler\data\sources\common\llmod.c estimated size: 64

